[jobs.firstbeatmedia.com/index.html]
[backblue.gif]
[fade.gif]
[index.html]
[jobs.firstbeatmedia.com/img/v1.1/favicons/apple-touch-icon.png]
[jobs.firstbeatmedia.com/img/v1.1/favicons/touch-icon.png]
[jobs.firstbeatmedia.com/css/v2/css/apply7559.css]
[jobs.firstbeatmedia.com/img/v1.1/favicons/favicon.ico]
[jobs.firstbeatmedia.com/js/_libraries/jquery/plugins/clickr/jquery.clickr7559.js]
[jobs.firstbeatmedia.com/apply/6WrDbduHx2/Content-Writer.html]
[jobs.firstbeatmedia.com/apply/28RAP5/Customer-Support-Representative.html]
[jobs.firstbeatmedia.com/apply/Xzik0YRfNk/Mobile-Application-Developer-Javascript-Frameworks-Exp.html]
[jobs.firstbeatmedia.com/apply/81qjrfd0f7/Website-Optimization-Specialist.html]
[jobs.firstbeatmedia.com/img/v1.1/logos/jazzhr-logo.png]
[jobs.firstbeatmedia.com/js/_libraries/jquery/plugins/qtip/jquery.qtip7559.js]
[jobs.firstbeatmedia.com/js/_libraries/jquery/jquery-1.7.1.js]
[jobs.firstbeatmedia.com/js/_libraries/jquery/plugins/bootstrap/bootstrap.min7559.js]
[jobs.firstbeatmedia.com/js/_libraries/jquery/plugins/placeholder/jquery.placeholder7559.js]
[jobs.firstbeatmedia.com/js/_libraries/jquery/plugins/textareacounter/jquery.textareacounter7559.js]
[jobs.firstbeatmedia.com/js/apply/jobs7559.js]
[jobs.firstbeatmedia.com/index.html]
[jobs.firstbeatmedia.com/img/v1/ui/images/ui-bg_highlight-soft_75_cccccc_1x100.png]
[jobs.firstbeatmedia.com/js/apply/submit-resume7559.js]
[jobs.firstbeatmedia.com/apply/index.html]
[jobs.firstbeatmedia.com/img/v1/ui/images/ui-bg_glass_75_e6e6e6_1x400.png]
[jobs.firstbeatmedia.com/js/_libraries/jquery/plugins/ui/jquery.ui7559.js]
[jobs.firstbeatmedia.com/img/v1/ui/images/ui-bg_glass_75_dadada_1x400.png]
[jobs.firstbeatmedia.com/img/v1/ui/images/ui-bg_glass_65_ffffff_1x400.png]
[jobs.firstbeatmedia.com/img/v1/ui/images/ui-bg_glass_55_fbf9ee_1x400.png]
[jobs.firstbeatmedia.com/img/v1/ui/images/ui-icons_222222_256x240.png]
[jobs.firstbeatmedia.com/img/v1/ui/images/ui-icons_454545_256x240.png]
[jobs.firstbeatmedia.com/img/v1/ui/images/ui-bg_flat_0_aaaaaa_40x100.png]
[jobs.firstbeatmedia.com/img/v1/ui/images/ui-anim_basic_16x16.gif]
[jobs.firstbeatmedia.com/css/v2/fonts/bootstrap/glyphicons-halflings-regular.eot]
[jobs.firstbeatmedia.com/css/v2/fonts/bootstrap/glyphicons-halflings-regular.woff]
[jobs.firstbeatmedia.com/css/v2/fonts/bootstrap/glyphicons-halflings-regular.html]
[jobs.firstbeatmedia.com/css/v2/fonts/bootstrap/glyphicons-halflings-regular.svg]
[jobs.firstbeatmedia.com/css/v2/fonts/bootstrap/glyphicons-halflings-regulard41d.eot]
[jobs.firstbeatmedia.com/css/v2/fonts/font-awesome/fontawesome-webfont3e6e.eot]
[jobs.firstbeatmedia.com/css/v2/fonts/font-awesome/fontawesome-webfontd41d.eot]
[jobs.firstbeatmedia.com/css/v2/fonts/font-awesome/fontawesome-webfont3e6e.woff]
[jobs.firstbeatmedia.com/css/v2/fonts/font-awesome/fontawesome-webfont3e6e.html]
[jobs.firstbeatmedia.com/css/v2/fonts/font-awesome/fontawesome-webfont3e6e-2.html]
[jobs.firstbeatmedia.com/css/v2/fonts/font-awesome/fontawesome-webfont3e6e.svg]
[jobs.firstbeatmedia.com/css/v2/fonts/open-sans/OpenSans-Light-webfont.eot]
[jobs.firstbeatmedia.com/css/v2/fonts/open-sans/OpenSans-Light-webfontd41d.eot]
[jobs.firstbeatmedia.com/css/v2/fonts/open-sans/OpenSans-Light-webfont.woff]
[jobs.firstbeatmedia.com/css/v2/fonts/open-sans/OpenSans-Light-webfont.html]
[jobs.firstbeatmedia.com/css/v2/fonts/open-sans/OpenSans-Light-webfont.svg]
[jobs.firstbeatmedia.com/css/v2/fonts/open-sans/OpenSans-LightItalic-webfont.eot]
[jobs.firstbeatmedia.com/css/v2/fonts/open-sans/OpenSans-LightItalic-webfontd41d.eot]
[jobs.firstbeatmedia.com/css/v2/fonts/open-sans/OpenSans-LightItalic-webfont.woff]
[jobs.firstbeatmedia.com/css/v2/fonts/open-sans/OpenSans-LightItalic-webfont.html]
[jobs.firstbeatmedia.com/css/v2/fonts/open-sans/OpenSans-LightItalic-webfont.svg]
[jobs.firstbeatmedia.com/css/v2/fonts/open-sans/OpenSans-Semibold-webfont.eot]
[jobs.firstbeatmedia.com/css/v2/fonts/open-sans/OpenSans-Semibold-webfont.woff]
[jobs.firstbeatmedia.com/css/v2/fonts/open-sans/OpenSans-Semibold-webfont.html]
[jobs.firstbeatmedia.com/css/v2/fonts/open-sans/OpenSans-Semibold-webfont.svg]
[jobs.firstbeatmedia.com/css/v2/fonts/open-sans/OpenSans-SemiboldItalic-webfont.eot]
[jobs.firstbeatmedia.com/css/v2/fonts/open-sans/OpenSans-SemiboldItalic-webfontd41d.eot]
[jobs.firstbeatmedia.com/css/v2/fonts/open-sans/OpenSans-Semibold-webfontd41d.eot]
[jobs.firstbeatmedia.com/css/v2/fonts/open-sans/OpenSans-SemiboldItalic-webfont.woff]
[jobs.firstbeatmedia.com/css/v2/fonts/open-sans/OpenSans-SemiboldItalic-webfont.html]
[jobs.firstbeatmedia.com/css/v2/fonts/open-sans/OpenSans-SemiboldItalic-webfont.svg]
[jobs.firstbeatmedia.com/css/v2/fonts/open-sans/OpenSans-ExtraBold-webfont.eot]
[jobs.firstbeatmedia.com/css/v2/fonts/open-sans/OpenSans-ExtraBold-webfont.woff]
[jobs.firstbeatmedia.com/css/v2/fonts/open-sans/OpenSans-ExtraBold-webfont.html]
[jobs.firstbeatmedia.com/css/v2/fonts/open-sans/OpenSans-ExtraBold-webfont.svg]
[jobs.firstbeatmedia.com/css/v2/fonts/open-sans/OpenSans-ExtraBold-webfontd41d.eot]
[jobs.firstbeatmedia.com/css/v2/fonts/open-sans/OpenSans-ExtraBoldItalic-webfont.eot]
[jobs.firstbeatmedia.com/css/v2/fonts/open-sans/OpenSans-ExtraBoldItalic-webfontd41d.eot]
[jobs.firstbeatmedia.com/css/v2/fonts/open-sans/OpenSans-ExtraBoldItalic-webfont.woff]
[jobs.firstbeatmedia.com/css/v2/fonts/open-sans/OpenSans-ExtraBoldItalic-webfont.html]
[jobs.firstbeatmedia.com/css/v2/fonts/open-sans/OpenSans-ExtraBoldItalic-webfont.svg]
[jobs.firstbeatmedia.com/css/v2/fonts/open-sans/OpenSans-Bold-webfont.eot]
[jobs.firstbeatmedia.com/css/v2/fonts/open-sans/OpenSans-Bold-webfontd41d.eot]
[jobs.firstbeatmedia.com/css/v2/fonts/open-sans/OpenSans-Bold-webfont.woff]
[jobs.firstbeatmedia.com/css/v2/fonts/open-sans/OpenSans-Bold-webfont.html]
[jobs.firstbeatmedia.com/css/v2/fonts/open-sans/OpenSans-Bold-webfont.svg]
[jobs.firstbeatmedia.com/css/v2/fonts/open-sans/OpenSans-BoldItalic-webfont.eot]
[jobs.firstbeatmedia.com/css/v2/fonts/open-sans/OpenSans-BoldItalic-webfont.woff]
[jobs.firstbeatmedia.com/css/v2/fonts/open-sans/OpenSans-BoldItalic-webfont.html]
[jobs.firstbeatmedia.com/css/v2/fonts/open-sans/OpenSans-BoldItalic-webfont.svg]
[jobs.firstbeatmedia.com/css/v2/fonts/open-sans/OpenSans-BoldItalic-webfontd41d.eot]
[jobs.firstbeatmedia.com/css/v2/fonts/open-sans/OpenSans-Italic-webfont.eot]
[jobs.firstbeatmedia.com/css/v2/fonts/open-sans/OpenSans-Italic-webfontd41d.eot]
[jobs.firstbeatmedia.com/css/v2/fonts/open-sans/OpenSans-Italic-webfont.woff]
[jobs.firstbeatmedia.com/css/v2/fonts/open-sans/OpenSans-Italic-webfont.html]
[jobs.firstbeatmedia.com/css/v2/fonts/open-sans/OpenSans-Italic-webfont.svg]
[jobs.firstbeatmedia.com/css/v2/fonts/open-sans/OpenSans-Regular-webfont.eot]
[jobs.firstbeatmedia.com/css/v2/fonts/open-sans/OpenSans-Regular-webfontd41d.eot]
[jobs.firstbeatmedia.com/css/v2/fonts/open-sans/OpenSans-Regular-webfont.woff]
[jobs.firstbeatmedia.com/css/v2/fonts/open-sans/OpenSans-Regular-webfont.html]
[jobs.firstbeatmedia.com/css/v2/fonts/open-sans/OpenSans-Regular-webfont.svg]
[jobs.firstbeatmedia.com/img/v1.1/apply/indeed-logo.png]
[jobs.firstbeatmedia.com/css/v2/css/apply7559.css]
[jobs.firstbeatmedia.com/img/v1.1/apply/indeed2-logo.png]
[jobs.firstbeatmedia.com/apply/index.html]
[jobs.firstbeatmedia.com/apply.html]
[jobs.firstbeatmedia.com/apply/6WrDbduHx2/Content-Writer.html]
[jobs.firstbeatmedia.com/app/share/6WrDbduHx2.html]
[jobs.firstbeatmedia.com/apply/28RAP5/Customer-Support-Representative.html]
[jobs.firstbeatmedia.com/app/share/28RAP5.html]
[jobs.firstbeatmedia.com/apply/Xzik0YRfNk/Mobile-Application-Developer-Javascript-Frameworks-Exp.html]
[jobs.firstbeatmedia.com/app/share/Xzik0YRfNk.html]
[jobs.firstbeatmedia.com/apply/81qjrfd0f7/Website-Optimization-Specialist.html]
[jobs.firstbeatmedia.com/img/v1/ui/images/ui-bg_inset-soft_95_fef1ec_1x100.html]
[jobs.firstbeatmedia.com/img/v1/ui/images/ui-icons_2e83ff_256x240.html]
[jobs.firstbeatmedia.com/img/v1/ui/images/ui-icons_cd0a0a_256x240.html]
[jobs.firstbeatmedia.com/css/v2/fonts/bootstrap/glyphicons-halflings-regular.html]
[jobs.firstbeatmedia.com/css/v2/fonts/bootstrap/glyphicons-halflings-regular.svg]
[jobs.firstbeatmedia.com/css/v2/fonts/font-awesome/fontawesome-webfont3e6e.html]
[jobs.firstbeatmedia.com/css/v2/fonts/font-awesome/fontawesome-webfont3e6e-2.html]
[jobs.firstbeatmedia.com/app/share/81qjrfd0f7.html]
[jobs.firstbeatmedia.com/css/v2/fonts/font-awesome/fontawesome-webfont3e6e.svg]
[jobs.firstbeatmedia.com/css/v2/fonts/open-sans/OpenSans-Light-webfont.html]
[jobs.firstbeatmedia.com/css/v2/fonts/open-sans/OpenSans-Light-webfont.svg]
[jobs.firstbeatmedia.com/css/v2/fonts/open-sans/OpenSans-LightItalic-webfont.html]
[jobs.firstbeatmedia.com/css/v2/fonts/open-sans/OpenSans-LightItalic-webfont.svg]
[jobs.firstbeatmedia.com/css/v2/fonts/open-sans/OpenSans-Semibold-webfont.html]
[jobs.firstbeatmedia.com/css/v2/fonts/open-sans/OpenSans-Semibold-webfont.svg]
[jobs.firstbeatmedia.com/css/v2/fonts/open-sans/OpenSans-SemiboldItalic-webfont.html]
[jobs.firstbeatmedia.com/css/v2/fonts/open-sans/OpenSans-SemiboldItalic-webfont.svg]
[jobs.firstbeatmedia.com/css/v2/fonts/open-sans/OpenSans-ExtraBold-webfont.html]
[jobs.firstbeatmedia.com/css/v2/fonts/open-sans/OpenSans-ExtraBold-webfont.svg]
[jobs.firstbeatmedia.com/css/v2/fonts/open-sans/OpenSans-ExtraBoldItalic-webfont.html]
[jobs.firstbeatmedia.com/css/v2/fonts/open-sans/OpenSans-ExtraBoldItalic-webfont.svg]
[jobs.firstbeatmedia.com/css/v2/fonts/open-sans/OpenSans-Bold-webfont.html]
[jobs.firstbeatmedia.com/css/v2/fonts/open-sans/OpenSans-Bold-webfont.svg]
[jobs.firstbeatmedia.com/css/v2/fonts/open-sans/OpenSans-BoldItalic-webfont.html]
[jobs.firstbeatmedia.com/css/v2/fonts/open-sans/OpenSans-BoldItalic-webfont.svg]
[jobs.firstbeatmedia.com/css/v2/fonts/open-sans/OpenSans-Italic-webfont.html]
[jobs.firstbeatmedia.com/css/v2/fonts/open-sans/OpenSans-Italic-webfont.svg]
[jobs.firstbeatmedia.com/css/v2/fonts/open-sans/OpenSans-Regular-webfont.html]
[jobs.firstbeatmedia.com/css/v2/fonts/open-sans/OpenSans-Regular-webfont.svg]
[jobs.firstbeatmedia.com/apply.html]
[jobs.firstbeatmedia.com/app/share/6WrDbduHx2.html]
[jobs.firstbeatmedia.com/app/share/28RAP5.html]
[jobs.firstbeatmedia.com/app/share/Xzik0YRfNk.html]
[jobs.firstbeatmedia.com/app/share/81qjrfd0f7.html]
[jobs.firstbeatmedia.com/css/v2-temp/css/app.css]
[jobs.firstbeatmedia.com/css/v2/css/app.css]
[jobs.firstbeatmedia.com/img/v1/app/pdfjs/toolbarButton-sidebarToggle.png]
[jobs.firstbeatmedia.com/img/v1/app/pdfjs/toolbarButton-pageUp.png]
[jobs.firstbeatmedia.com/img/v1/app/pdfjs/toolbarButton-pageUp-rtl.png]
[jobs.firstbeatmedia.com/img/v1/app/pdfjs/toolbarButton-pageDown.png]
[jobs.firstbeatmedia.com/img/v1/app/pdfjs/toolbarButton-pageDown-rtl.png]
[jobs.firstbeatmedia.com/img/v1/app/pdfjs/toolbarButton-zoomOut.png]
[jobs.firstbeatmedia.com/img/v1/app/pdfjs/toolbarButton-zoomIn.png]
[jobs.firstbeatmedia.com/img/v1/app/pdfjs/toolbarButton-fullscreen.png]
[jobs.firstbeatmedia.com/img/v1/app/pdfjs/toolbarButton-print.png]
[jobs.firstbeatmedia.com/img/v1/app/pdfjs/toolbarButton-openFile.png]
[jobs.firstbeatmedia.com/img/v1/app/pdfjs/toolbarButton-download.png]
[jobs.firstbeatmedia.com/img/v1/app/pdfjs/toolbarButton-bookmark.png]
[jobs.firstbeatmedia.com/img/v1/app/pdfjs/loading-icon.gif]
[jobs.firstbeatmedia.com/js/_libraries/pdfjs_0.7.169/images/toolbarButton-presentationMode.png]
[jobs.firstbeatmedia.com/img/v1/app/pdfjs/texture.png]
[jobs.firstbeatmedia.com/css/v2/fonts/brandon-text/brandontext-thin.eot]
[jobs.firstbeatmedia.com/css/v2/fonts/brandon-text/brandontext-thind41d.eot]
[jobs.firstbeatmedia.com/css/v2/fonts/brandon-text/brandontext-thin.html]
[jobs.firstbeatmedia.com/css/v2/fonts/brandon-text/brandontext-thin.woff]
[jobs.firstbeatmedia.com/css/v2/fonts/brandon-text/brandontext-thin.svg]
[jobs.firstbeatmedia.com/css/v2/fonts/brandon-text/brandontext-thin-2.html]
[jobs.firstbeatmedia.com/css/v2/fonts/brandon-text/brandontext-thinitalic.eot]
[jobs.firstbeatmedia.com/css/v2/fonts/brandon-text/brandontext-thinitalicd41d.eot]
[jobs.firstbeatmedia.com/css/v2/fonts/brandon-text/brandontext-thinitalic.html]
[jobs.firstbeatmedia.com/css/v2/fonts/brandon-text/brandontext-thinitalic.woff]
[jobs.firstbeatmedia.com/css/v2/fonts/brandon-text/brandontext-thinitalic-2.html]
[jobs.firstbeatmedia.com/css/v2/fonts/brandon-text/brandontext-thinitalic.svg]
[jobs.firstbeatmedia.com/css/v2/fonts/brandon-text/brandontext-light.eot]
[jobs.firstbeatmedia.com/css/v2/fonts/brandon-text/brandontext-light.html]
[jobs.firstbeatmedia.com/css/v2/fonts/brandon-text/brandontext-light.woff]
[jobs.firstbeatmedia.com/css/v2/fonts/brandon-text/brandontext-light-2.html]
[jobs.firstbeatmedia.com/css/v2/fonts/brandon-text/brandontext-lightitalic.eot]
[jobs.firstbeatmedia.com/css/v2/fonts/brandon-text/brandontext-light.svg]
[jobs.firstbeatmedia.com/css/v2/fonts/brandon-text/brandontext-lightitalic.html]
[jobs.firstbeatmedia.com/css/v2/fonts/brandon-text/brandontext-lightitalic.woff]
[jobs.firstbeatmedia.com/css/v2/fonts/brandon-text/brandontext-lightitalic-2.html]
[jobs.firstbeatmedia.com/css/v2/fonts/brandon-text/brandontext-lightitalic.svg]
[jobs.firstbeatmedia.com/css/v2/fonts/brandon-text/brandontext-lightd41d.eot]
[jobs.firstbeatmedia.com/css/v2/fonts/brandon-text/brandontext-lightitalicd41d.eot]
[jobs.firstbeatmedia.com/css/v2/fonts/brandon-text/brandontext-regular.eot]
[jobs.firstbeatmedia.com/css/v2/fonts/brandon-text/brandontext-regular.html]
[jobs.firstbeatmedia.com/css/v2/fonts/brandon-text/brandontext-regular.woff]
[jobs.firstbeatmedia.com/css/v2/fonts/brandon-text/brandontext-regulard41d.eot]
[jobs.firstbeatmedia.com/css/v2/fonts/brandon-text/brandontext-regular-2.html]
[jobs.firstbeatmedia.com/css/v2/fonts/brandon-text/brandontext-regularitalic.eot]
[jobs.firstbeatmedia.com/css/v2/fonts/brandon-text/brandontext-regular.svg]
[jobs.firstbeatmedia.com/css/v2/fonts/brandon-text/brandontext-regularitalicd41d.eot]
[jobs.firstbeatmedia.com/css/v2/fonts/brandon-text/brandontext-regularitalic.html]
[jobs.firstbeatmedia.com/css/v2/fonts/brandon-text/brandontext-regularitalic.woff]
[jobs.firstbeatmedia.com/css/v2/fonts/brandon-text/brandontext-regularitalic-2.html]
[jobs.firstbeatmedia.com/css/v2/fonts/brandon-text/brandontext-medium.eot]
[jobs.firstbeatmedia.com/css/v2/fonts/brandon-text/brandontext-mediumd41d.eot]
[jobs.firstbeatmedia.com/css/v2/fonts/brandon-text/brandontext-regularitalic.svg]
[jobs.firstbeatmedia.com/css/v2/fonts/brandon-text/brandontext-medium.woff]
[jobs.firstbeatmedia.com/css/v2/fonts/brandon-text/brandontext-medium.html]
[jobs.firstbeatmedia.com/css/v2/fonts/brandon-text/brandontext-medium-2.html]
[jobs.firstbeatmedia.com/css/v2/fonts/brandon-text/brandontext-medium.svg]
[jobs.firstbeatmedia.com/css/v2/fonts/brandon-text/brandontext-mediumitalic.eot]
[jobs.firstbeatmedia.com/css/v2/fonts/brandon-text/brandontext-mediumitalic.html]
[jobs.firstbeatmedia.com/css/v2/fonts/brandon-text/brandontext-mediumitalic.woff]
[jobs.firstbeatmedia.com/css/v2/fonts/brandon-text/brandontext-mediumitalicd41d.eot]
[jobs.firstbeatmedia.com/css/v2/fonts/brandon-text/brandontext-mediumitalic-2.html]
[jobs.firstbeatmedia.com/css/v2/fonts/brandon-text/brandontext-mediumitalic.svg]
[jobs.firstbeatmedia.com/css/v2/fonts/brandon-text/brandontext-bold.eot]
[jobs.firstbeatmedia.com/css/v2/fonts/brandon-text/brandontext-boldd41d.eot]
[jobs.firstbeatmedia.com/css/v2/fonts/brandon-text/brandontext-bold.html]
[jobs.firstbeatmedia.com/css/v2/fonts/brandon-text/brandontext-bold.woff]
[jobs.firstbeatmedia.com/css/v2/fonts/brandon-text/brandontext-bold-2.html]
[jobs.firstbeatmedia.com/css/v2/fonts/brandon-text/brandontext-bolditalic.eot]
[jobs.firstbeatmedia.com/css/v2/fonts/brandon-text/brandontext-bold.svg]
[jobs.firstbeatmedia.com/css/v2/fonts/brandon-text/brandontext-bolditalicd41d.eot]
[jobs.firstbeatmedia.com/css/v2/fonts/brandon-text/brandontext-bolditalic.html]
[jobs.firstbeatmedia.com/css/v2/fonts/brandon-text/brandontext-bolditalic.woff]
[jobs.firstbeatmedia.com/css/v2/fonts/brandon-text/brandontext-bolditalic-2.html]
[jobs.firstbeatmedia.com/css/v2/fonts/brandon-text/brandontext-bolditalic.svg]
[jobs.firstbeatmedia.com/css/v2/fonts/brandon-text/brandontext-black.eot]
[jobs.firstbeatmedia.com/css/v2/fonts/brandon-text/brandontext-black.html]
[jobs.firstbeatmedia.com/css/v2/fonts/brandon-text/brandontext-black.woff]
[jobs.firstbeatmedia.com/css/v2/fonts/brandon-text/brandontext-black-2.html]
[jobs.firstbeatmedia.com/css/v2/fonts/brandon-text/brandontext-blackd41d.eot]
[jobs.firstbeatmedia.com/css/v2/fonts/brandon-text/brandontext-black.svg]
[jobs.firstbeatmedia.com/css/v2/fonts/brandon-text/brandontext-blackitalic.eot]
[jobs.firstbeatmedia.com/css/v2/fonts/brandon-text/brandontext-blackitalic.html]
[jobs.firstbeatmedia.com/css/v2/fonts/brandon-text/brandontext-blackitalic.woff]
[jobs.firstbeatmedia.com/css/v2/fonts/brandon-text/brandontext-blackitalic-2.html]
[jobs.firstbeatmedia.com/css/v2/fonts/resumator/TheResumator790f.eot]
[jobs.firstbeatmedia.com/css/v2/fonts/brandon-text/brandontext-blackitalicd41d.eot]
[jobs.firstbeatmedia.com/css/v2/fonts/brandon-text/brandontext-blackitalic.svg]
[jobs.firstbeatmedia.com/css/v2/fonts/resumator/TheResumatord41d.eot]
[jobs.firstbeatmedia.com/css/v2/fonts/resumator/TheResumator790f.woff]
[jobs.firstbeatmedia.com/css/v2/fonts/resumator/TheResumator790f.html]
[jobs.firstbeatmedia.com/css/v2/fonts/resumator/TheResumator790f.svg]
[jobs.firstbeatmedia.com/img/partners/hellosign/helloSign.png]
[jobs.firstbeatmedia.com/css/v2/css/app.css]
[jobs.firstbeatmedia.com/css/v2-temp/css/app.css]
[jobs.firstbeatmedia.com/css/v2/fonts/brandon-text/brandontext-thin.html]
[jobs.firstbeatmedia.com/css/v2/fonts/brandon-text/brandontext-thin-2.html]
[jobs.firstbeatmedia.com/css/v2/fonts/brandon-text/brandontext-thin.svg]
[jobs.firstbeatmedia.com/css/v2/fonts/brandon-text/brandontext-thinitalic.html]
[jobs.firstbeatmedia.com/css/v2/fonts/brandon-text/brandontext-thinitalic-2.html]
[jobs.firstbeatmedia.com/css/v2/fonts/brandon-text/brandontext-thinitalic.svg]
[jobs.firstbeatmedia.com/css/v2/fonts/brandon-text/brandontext-light.html]
[jobs.firstbeatmedia.com/css/v2/fonts/brandon-text/brandontext-light-2.html]
[jobs.firstbeatmedia.com/css/v2/fonts/brandon-text/brandontext-light.svg]
[jobs.firstbeatmedia.com/css/v2/fonts/brandon-text/brandontext-lightitalic.html]
[jobs.firstbeatmedia.com/css/v2/fonts/brandon-text/brandontext-lightitalic-2.html]
[jobs.firstbeatmedia.com/css/v2/fonts/brandon-text/brandontext-lightitalic.svg]
[jobs.firstbeatmedia.com/css/v2/fonts/brandon-text/brandontext-regular.html]
[jobs.firstbeatmedia.com/css/v2/fonts/brandon-text/brandontext-regular-2.html]
[jobs.firstbeatmedia.com/css/v2/fonts/brandon-text/brandontext-regular.svg]
[jobs.firstbeatmedia.com/css/v2/fonts/brandon-text/brandontext-regularitalic.html]
[jobs.firstbeatmedia.com/css/v2/fonts/brandon-text/brandontext-regularitalic-2.html]
[jobs.firstbeatmedia.com/css/v2/fonts/brandon-text/brandontext-regularitalic.svg]
[jobs.firstbeatmedia.com/css/v2/fonts/brandon-text/brandontext-medium.html]
[jobs.firstbeatmedia.com/css/v2/fonts/brandon-text/brandontext-medium-2.html]
[jobs.firstbeatmedia.com/css/v2/fonts/brandon-text/brandontext-medium.svg]
[jobs.firstbeatmedia.com/css/v2/fonts/brandon-text/brandontext-mediumitalic.html]
[jobs.firstbeatmedia.com/css/v2/fonts/brandon-text/brandontext-mediumitalic-2.html]
[jobs.firstbeatmedia.com/css/v2/fonts/brandon-text/brandontext-mediumitalic.svg]
[jobs.firstbeatmedia.com/css/v2/fonts/brandon-text/brandontext-bold.html]
[jobs.firstbeatmedia.com/css/v2/fonts/brandon-text/brandontext-bold-2.html]
[jobs.firstbeatmedia.com/css/v2/fonts/brandon-text/brandontext-bold.svg]
[jobs.firstbeatmedia.com/css/v2/fonts/brandon-text/brandontext-bolditalic.html]
[jobs.firstbeatmedia.com/css/v2/fonts/brandon-text/brandontext-bolditalic-2.html]
[jobs.firstbeatmedia.com/css/v2/fonts/brandon-text/brandontext-bolditalic.svg]
[jobs.firstbeatmedia.com/css/v2/fonts/brandon-text/brandontext-black.html]
[jobs.firstbeatmedia.com/css/v2/fonts/brandon-text/brandontext-black-2.html]
[jobs.firstbeatmedia.com/css/v2/fonts/brandon-text/brandontext-black.svg]
[jobs.firstbeatmedia.com/css/v2/fonts/brandon-text/brandontext-blackitalic.html]
[jobs.firstbeatmedia.com/css/v2/fonts/brandon-text/brandontext-blackitalic-2.html]
[jobs.firstbeatmedia.com/css/v2/fonts/brandon-text/brandontext-blackitalic.svg]
[jobs.firstbeatmedia.com/css/v2/fonts/resumator/TheResumator790f.html]
[jobs.firstbeatmedia.com/css/v2/fonts/resumator/TheResumator790f.svg]
