[backblue.gif]
[fade.gif]
[index.html]
[firstbeatmedia.com/assets/img/favicon.ico]
[firstbeatmedia.com/assets/js/modernizr.js]
[firstbeatmedia.com/assets/js/rhinoslider-1.05.min.js]
[firstbeatmedia.com/assets/js/mousewheel.js]
[firstbeatmedia.com/assets/js/easing.js]
[firstbeatmedia.com/assets/js/functions.js]
[firstbeatmedia.com/assets/js/jquery.jscrollpane.min.js]
[firstbeatmedia.com/assets/js/jquery.form.js]
[firstbeatmedia.com/index.html]
[firstbeatmedia.com/assets/css/reset.css]
[firstbeatmedia.com/assets/img/pattern.png]
[firstbeatmedia.com/assets/img/header-bottom.png]
[firstbeatmedia.com/assets/img/logo.png]
[firstbeatmedia.com/assets/img/toggle-arrows.png]
[firstbeatmedia.com/assets/img/footer-top.png]
[firstbeatmedia.com/assets/img/social-icons.png]
[firstbeatmedia.com/assets/img/visual-bg.png]
[firstbeatmedia.com/assets/img/visual.jpg]
[firstbeatmedia.com/assets/img/circle.png]
[firstbeatmedia.com/assets/img/jobs-top.png]
[firstbeatmedia.com/assets/img/circle-2.png]
[firstbeatmedia.com/assets/img/arrs.png]
[firstbeatmedia.com/assets/img/xclose.png]
[firstbeatmedia.com/assets/img/circle-3.png]
[firstbeatmedia.com/assets/img/close-sprite.png]
[firstbeatmedia.com/assets/img/error.png]
[firstbeatmedia.com/assets/css/style.css]
[firstbeatmedia.com/assets/js/jquery.jscrollpane.css]
[firstbeatmedia.com/assets/img/portfolio/biker-planet.jpg]
[firstbeatmedia.com/assets/img/portfolio/black-scene.jpg]
[firstbeatmedia.com/assets/img/portfolio/lutheran.jpg]
[firstbeatmedia.com/assets/img/portfolio/praying.jpg]
[firstbeatmedia.com/assets/img/portfolio/wheel-chair.jpg]
[firstbeatmedia.com/assets/img/portfolio/jsingles.jpg]
[firstbeatmedia.com/assets/img/portfolio/dating-seniors.jpg]
[firstbeatmedia.com/assets/img/portfolio/plus-sized-hearts.jpg]
[firstbeatmedia.com/assets/img/portfolio/farmers.jpg]
[firstbeatmedia.com/assets/img/portfolio/interracial-romance.jpg]
[firstbeatmedia.com/assets/img/portfolio/hsv-singles.jpg]
[firstbeatmedia.com/assets/img/portfolio/christian-lifestyle.jpg]
[firstbeatmedia.com/assets/img/portfolio/fitness.jpg]
[firstbeatmedia.com/assets/img/portfolio/tatoo-lovers.jpg]
[firstbeatmedia.com/assets/img/portfolio/singlemoms.jpg]
[firstbeatmedia.com/portfolio.html]
[firstbeatmedia.com/assets/img/social/39_1.jpg]
[firstbeatmedia.com/assets/img/social/40.jpg]
[firstbeatmedia.com/assets/img/social/39_2.jpg]
[firstbeatmedia.com/assets/img/social/41.jpg]
[firstbeatmedia.com/assets/img/social/42.jpg]
[firstbeatmedia.com/assets/img/social/43.jpg]
[firstbeatmedia.com/assets/img/social/44.jpg]
[firstbeatmedia.com/assets/img/social/45.jpg]
[firstbeatmedia.com/assets/img/social/46.jpg]
[firstbeatmedia.com/assets/img/social/47.jpg]
[firstbeatmedia.com/assets/img/social/48.jpg]
[firstbeatmedia.com/assets/img/social/49.jpg]
[firstbeatmedia.com/assets/img/social/50.jpg]
[firstbeatmedia.com/assets/img/social/51.jpg]
[firstbeatmedia.com/assets/img/social/52.jpg]
[firstbeatmedia.com/assets/img/social/53.jpg]
[firstbeatmedia.com/assets/img/social/54.jpg]
[firstbeatmedia.com/assets/img/social/55.jpg]
[firstbeatmedia.com/assets/img/social/56.jpg]
[firstbeatmedia.com/assets/img/social/57.jpg]
[firstbeatmedia.com/assets/img/social/58.jpg]
[firstbeatmedia.com/assets/img/social/59.jpg]
[firstbeatmedia.com/assets/img/social/60.jpg]
[firstbeatmedia.com/assets/img/social/61.jpg]
[firstbeatmedia.com/assets/img/social/62.jpg]
[firstbeatmedia.com/assets/img/social/34.jpg]
[firstbeatmedia.com/assets/img/social/28.jpg]
[firstbeatmedia.com/assets/img/social/13.jpg]
[firstbeatmedia.com/assets/img/social/29.jpg]
[firstbeatmedia.com/assets/img/social/14.jpg]
[firstbeatmedia.com/assets/img/social/30.jpg]
[firstbeatmedia.com/assets/img/social/35.jpg]
[firstbeatmedia.com/assets/img/social/15.jpg]
[firstbeatmedia.com/assets/img/social/31.jpg]
[firstbeatmedia.com/assets/img/social/16.jpg]
[firstbeatmedia.com/assets/img/social/32.jpg]
[firstbeatmedia.com/assets/img/testimonial-milos-radulovic.jpg]
[firstbeatmedia.com/assets/img/testimonial-bosko.jpg]
[firstbeatmedia.com/assets/img/testimonial-ana.jpg]
[firstbeatmedia.com/assets/img/testimonial-barbara-ray.jpg]
[firstbeatmedia.com/culture.html]
[firstbeatmedia.com/contact.html]
[firstbeatmedia.com/assets/img/mapicon.png]
